<?xml version="1.0" encoding="utf-8"?><testsuites name="pytest tests"><testsuite name="pytest" errors="0" failures="0" skipped="0" tests="9" time="0.115" timestamp="2026-04-27T19:41:54.910042-04:00" hostname="DESKTOP-PHCQ4TP"><testcase classname="tests.test_main" name="test_load_config_reads_yaml" time="0.020" /><testcase classname="tests.test_main" name="test_load_config_exits_on_invalid_yaml" time="0.015" /><testcase classname="tests.test_main" name="test_main_uses_defaults_with_empty_config" time="0.005" /><testcase classname="tests.test_math" name="test_add" time="0.001" /><testcase classname="tests.test_math" name="test_subtract" time="0.001" /><testcase classname="tests.test_math" name="test_multiply" time="0.001" /><testcase classname="tests.test_math" name="test_evaluate_polynomial" time="0.001" /><testcase classname="tests.test_math" name="test_polynomial_steps_matches_horner_sequence" time="0.001" /><testcase classname="tests.test_math" name="test_polynomial_steps_single_coefficient" time="0.001" /></testsuite></testsuites>